// Jest Snapshot v1, https://goo.gl/fbAQLP

exports[`Dashboard footer renders correctly 1`] = `

<footer id="dashboard-footer"
        data-server-rendered="true"
        class="footer"
>
  <div class="container-fluid">
    <ul class="list-inline my-2 d-flex flex-row align-items-center">
      <li class="list-inline-item mx-1">
        <a href="https://twitter.com/mytwitterhandle"
           class="text-muted"
        >
          <icon name="twitter">
          </icon>
        </a>
      </li>
      <li class="list-inline-item mx-1">
        <a href="mailto:me@example.com"
           class="text-muted"
        >
          <icon name="envelope">
          </icon>
        </a>
      </li>
      <li class="list-inline-item mx-1">
        <a href="https://github.com/Organization/repo"
           class="text-muted"
        >
          <icon name="github">
          </icon>
        </a>
      </li>
    </ul>
    <p class="my-2 mx-1 float-right text-muted">
      &copy; My Company, 2017
    </p>
  </div>
</footer>

`;
