// Jest Snapshot v1, https://goo.gl/fbAQLP

exports[`Collection default layout renders correctly 1`] = `

<div id="collection-layout-base"
     data-server-rendered="true"
>
  <div id="collection-background"
       class="main-app-bg"
       style="background-image:url(http://example.com/background.jpg);"
  >
  </div>
  <nav id="collection-navbar"
       class="navbar navbar-dark navbar-expand-md"
  >
    <div class="container">
      <a href="#/collection/playbills"
         target="_self"
         class="navbar-brand"
      >
        <span>
          In the Spotlight
        </span>
      </a>
      <button type="button"
              data-toggle="collapse"
              data-target="#main-nav-collapse"
              aria-controls="main-nav-collapse"
              aria-expanded="false"
              aria-label="Toggle navigation"
              class="
        hamburger
        hamburger--collapse
        navbar-toggler
        navbar-toggler-right"
      >
        <span class="hamburger-box">
          <span class="hamburger-inner">
          </span>
        </span>
      </button>
      <div id="main-nav-collapse"
           class="navbar-collapse collapse"
           style="display:none;"
      >
        <ul class="navbar-nav">
          <li class="nav-item">
            <a href="#/collection/playbills/about"
               target="_self"
               class="nav-link"
            >
              About
            </a>
          </li>
          <li class="nav-item">
            <a href="#/collection/playbills/projects"
               target="_self"
               class="nav-link"
            >
              Take Part
            </a>
          </li>
          <li class="nav-item">
            <a href="http://example.com/discuss"
               target="_self"
               class="nav-link"
            >
              Discuss
            </a>
          </li>
          <li class="nav-item">
            <a href="#/collection/playbills/data"
               target="_self"
               class="nav-link"
            >
              Data
            </a>
          </li>
        </ul>
        <ul class="navbar-nav">
          <div id="announcements-list">
            <button id="announcements-toggle"
                    type="button"
                    class="nav-link d-none d-lg-flex flex-row btn btn-secondary"
            >
              <icon name="bell">
              </icon>
              <!---->
            </button>
            <a href="#/account/joebloggs/announcements"
               class="d-lg-none nav-link"
            >
              Notifications
            </a>
            <span style="display:none;">
              <div id="announcements-container"
                   class="dropdown-menu-right d-none d-md-block card"
              >
                <div class="card-header">
                  <div>
                    Notifications
                  </div>
                </div>
                <div id="announcements">
                </div>
                <no-ssr>
                  <infinite-loading class="infinite-loading">
                    <span slot="no-results">
                      <span>
                        No announcements have been made yet
                      </span>
                    </span>
                    <span slot="no-more">
                      <!---->
                    </span>
                  </infinite-loading>
                </no-ssr>
              </div>
            </span>
          </div>
          <li class="nav-item b-nav-dropdown dropdown">
            <a href="#"
               aria-haspopup="true"
               aria-expanded="false"
               class="nav-link dropdown-toggle"
            >
              <span>
                joebloggs
              </span>
            </a>
            <div role="menu"
                 class="dropdown-menu dropdown-menu-right"
            >
              <a href="#/account/joebloggs"
                 role="menuitem"
                 target="_self"
                 class="dropdown-item"
              >
                Profile
              </a>
              <a href="#/account/joebloggs/settings/profile"
                 role="menuitem"
                 target="_self"
                 class="dropdown-item"
              >
                Settings
              </a>
              <!---->
              <div role="separator"
                   class="dropdown-divider"
              >
              </div>
              <a role="menuitem"
                 href="#"
                 target="_self"
                 class="dropdown-item"
              >
                Sign Out
              </a>
            </div>
          </li>
        </ul>
      </div>
    </div>
  </nav>
  <main>
    <nuxt>
    </nuxt>
  </main>
  <footer id="app-footer"
          class="footer"
  >
    <div class="container pt-3 pb-2">
      <section>
        <a href="#/"
           class="router-link-exact-active router-link-active"
        >
          Part of the My Brand crowdsourcing platform
        </a>
        <p class="my-2">
          &copy; My Company, 2017
        </p>
        <ul class="list-inline mt-2 mb-0">
          <li class="list-inline-item mx-1">
            <a href="https://twitter.com/mytwitterhandle"
               class="text-muted"
            >
              <icon name="twitter">
              </icon>
            </a>
          </li>
          <li class="list-inline-item mx-1">
            <a href="mailto:me@example.com"
               class="text-muted"
            >
              <icon name="envelope">
              </icon>
            </a>
          </li>
          <li class="list-inline-item mx-1">
            <a href="https://github.com/Organization/repo"
               class="text-muted"
            >
              <icon name="github">
              </icon>
            </a>
          </li>
        </ul>
      </section>
      <section class="d-none d-lg-block">
        <h5 class="list-title">
          Newsletter
        </h5>
        <ul class="list-unstyled">
          <li class="list-item">
            <a href="http://mailchimp.signup.url"
               target="_blank"
            >
              Sign up
            </a>
          </li>
        </ul>
      </section>
      <section class="d-none d-lg-block">
        <h5 class="list-title">
          Collections
        </h5>
        <ul class="list-unstyled">
          <li class="list-item">
            <a href="#/collection/playbills">
              In the Spotlight
            </a>
          </li>
        </ul>
      </section>
      <section class="d-none d-lg-block">
        <h5 class="list-title">
          Help
        </h5>
        <ul class="list-unstyled">
          <li class="list-item">
            <a href="http://docs.example.com"
               target="_blank"
            >
              Docs
            </a>
          </li>
          <li class="list-item">
            <a href="#/help/tos">
              Terms
            </a>
          </li>
          <li class="list-item">
            <a href="#/help/privacy">
              Privacy
            </a>
          </li>
          <li class="list-item">
            <a href="#/help/cookies">
              Cookies
            </a>
          </li>
          <li class="list-item">
            <a href="#/help/api">
              API
            </a>
          </li>
        </ul>
      </section>
    </div>
  </footer>
</div>

`;
