// Jest Snapshot v1, https://goo.gl/fbAQLP

exports[`User avatar renders Gravatar when no custom avatar 1`] = `

<div data-server-rendered="true"
     class="user-avatar"
>
  <img src="//www.gravatar.com/avatar/6579e96f76baa00787a28653876c6127?s=80&amp;d=identicon&amp;r=g"
       alt="Avatar for JohnDoe"
       triggers
       title="JohnDoe"
       class="img-thumbnail rounded-circle"
  >
</div>

`;
