// Jest Snapshot v1, https://goo.gl/fbAQLP

exports[`Collection about page renders correctly 1`] = `
<div id="collection-about">
  <h1 class="text-center">About undefined</h1> <span><span><h1 id="about">About</h1>
<p>Foo</p>
</span>
  <hr class="mx-0">
  </span>
  <div class="text-center">
    <a href="#" target="_self" class="btn btn-success btn-lg">
      Get Started
    </a>
  </div>
</div>
`;
